  build    generate build
  scripts  generate scripts
  styles   generate styles
